
> react-kavia@0.1.0 start
> cross-env EDIT_MODE=true webpack serve --config .ve/webpack.config.js --mode development

<i> [webpack-dev-server] Project is running at:
<i> [webpack-dev-server] Loopback: http://localhost:3000/, http://[::1]:3000/
<i> [webpack-dev-server] On Your Network (IPv4): http://172.17.0.2:3000/
<i> [webpack-dev-server] Content not from webpack is served from './public' directory
Injecting EditorRootWrapper import: ../.ve/EditorRootWrapper
asset bundle.js 1.39 MiB [emitted] (name: main)
asset index.html 1.92 KiB [emitted]
runtime modules 27.5 KiB 14 modules
modules by path ./node_modules/ 1.24 MiB 31 modules
modules by path ./src/ 10.3 KiB
  modules by path ./src/*.css 7.49 KiB 4 modules
  modules by path ./src/*.js 2.76 KiB
    ./src/index.js 530 bytes [built] [code generated]
    ./src/App.js 2.25 KiB [built] [code generated]
modules by path ./.ve/ 15.1 KiB
  modules by path ./.ve/*.js 10.6 KiB 2 modules
  modules by path ./.ve/*.css 2.93 KiB
    ./.ve/EditorOverlay.css 2.25 KiB [built] [code generated]
    ./node_modules/css-loader/dist/cjs.js!./.ve/EditorOverlay.css 697 bytes [built] [code generated]
  ./.ve/EditorOverlay.jsx 1.58 KiB [built] [code generated]
webpack 5.99.9 compiled successfully in 1593 ms
assets by status 1.92 KiB [cached] 1 asset
assets by path *.js 1.39 MiB
  asset bundle.js 1.39 MiB [emitted] (name: main)
  asset main.006a12af97c7ec04181c.hot-update.js 2.36 KiB [emitted] [immutable] [hmr] (name: main)
asset main.006a12af97c7ec04181c.hot-update.json 28 bytes [emitted] [immutable] [hmr]
Entrypoint main 1.39 MiB = bundle.js 1.39 MiB main.006a12af97c7ec04181c.hot-update.js 2.36 KiB
cached modules 1.26 MiB [cached] 41 modules
runtime modules 27.5 KiB 14 modules
./src/App.js 292 bytes [built] [code generated]

ERROR in ./src/App.js 3:0-60
Module not found: Error: Can't resolve './StrategicBlockBuilder' in '/home/kavia/workspace/code-generation/strategic-block-builder-38125-5a479f25/strategic_block_builder/src'
resolve './StrategicBlockBuilder' in '/home/kavia/workspace/code-generation/strategic-block-builder-38125-5a479f25/strategic_block_builder/src'
  using description file: /home/kavia/workspace/code-generation/strategic-block-builder-38125-5a479f25/strategic_block_builder/package.json (relative path: ./src)
    Field 'browser' doesn't contain a valid alias configuration
    using description file: /home/kavia/workspace/code-generation/strategic-block-builder-38125-5a479f25/strategic_block_builder/package.json (relative path: ./src/StrategicBlockBuilder)
      no extension
        Field 'browser' doesn't contain a valid alias configuration
        /home/kavia/workspace/code-generation/strategic-block-builder-38125-5a479f25/strategic_block_builder/src/StrategicBlockBuilder doesn't exist
      .js
        Field 'browser' doesn't contain a valid alias configuration
        /home/kavia/workspace/code-generation/strategic-block-builder-38125-5a479f25/strategic_block_builder/src/StrategicBlockBuilder.js doesn't exist
      .jsx
        Field 'browser' doesn't contain a valid alias configuration
        /home/kavia/workspace/code-generation/strategic-block-builder-38125-5a479f25/strategic_block_builder/src/StrategicBlockBuilder.jsx doesn't exist
      as directory
        /home/kavia/workspace/code-generation/strategic-block-builder-38125-5a479f25/strategic_block_builder/src/StrategicBlockBuilder doesn't exist
 @ ./src/index.js 5:0-24 11:32-35

webpack 5.99.9 compiled with 1 error in 79 ms
assets by status 1.92 KiB [cached] 1 asset
assets by path *.js 1.43 MiB
  asset bundle.js 1.41 MiB [emitted] (name: main)
  asset main.9ba4cb6d9ddcf680ec67.hot-update.js 24.3 KiB [emitted] [immutable] [hmr] (name: main)
asset main.9ba4cb6d9ddcf680ec67.hot-update.json 28 bytes [emitted] [immutable] [hmr]
Entrypoint main 1.43 MiB = bundle.js 1.41 MiB main.9ba4cb6d9ddcf680ec67.hot-update.js 24.3 KiB
cached modules 1.26 MiB [cached] 41 modules
runtime modules 27.5 KiB 14 modules
javascript modules 18.8 KiB
  ./src/App.js 292 bytes [code generated]
  ./src/StrategicBlockBuilder.js 18.5 KiB [built] [code generated]
webpack 5.99.9 compiled successfully in 172 ms
assets by status 1.92 KiB [cached] 1 asset
assets by path *.js 1.41 MiB
  asset bundle.js 1.41 MiB [emitted] (name: main)
  asset main.35ef4a2cceaece35cb47.hot-update.js 2.3 KiB [emitted] [immutable] [hmr] (name: main)
asset main.35ef4a2cceaece35cb47.hot-update.json 28 bytes [emitted] [immutable] [hmr]
Entrypoint main 1.41 MiB = bundle.js 1.41 MiB main.35ef4a2cceaece35cb47.hot-update.js 2.3 KiB
cached modules 1.28 MiB [cached] 42 modules
runtime modules 27.5 KiB 14 modules
./src/App.js 295 bytes [built] [code generated]
webpack 5.99.9 compiled successfully in 46 ms
